{
	"Account ID": "FRITESH",
	"Roles": [
		{
			"ROLE": "ETL SUPPORT"
		},
		{
			"ROLE": "Network Admin",
			"orBidNos": "xxx"
		},
		{
			"ROLE": "CAG Developer",
			"orBidNos": "r-22",
			"value": "Albert"
		},
		{
			"ROLE": "Cag Content Writter",
			"orBidNos": "r-33",
			"value": "Alex"
		}
	],
	"Groups": [
	],
	"Profiles": {
	},
	"Extra": null
}
