{
	"Account Login": "paritosh.mathur@confluxsys.com",
	"VOL ID": "PMATHUR_CAG2.0",
	"Account ID": "PMATHUR_CAG2.0",
	"Persona ID": "PMATHUR_2.0",
	"Application Entitlement": [
		{
			"Value": "CFLX_03",
			"Entitlement Name": "Sr. Software Engineer"
		}
	],
	"Role in VEM": [
		{
			"Role": "QA",
			"Organization or Bid Number": "Confluxsys",
			"Update Timestamp": "1516877694966"
		}
	]
}
