{
	"Account ID": "FRITESH",
	"Roles": [
		{
			"ROLE": "CAG Developer"
		}
	],
	"Groups": [
	],
	"Profiles": {
	},
	"Extra": null
}
