{
	"Account ID": "FRITESH",
	"Groups": [
	],
	"Profiles": {
	},
	"Extra": null
}
