[
	{
		"op": "replace",
		"path": "/Roles/0/Nickname",
		"value": null,
		"original_value": {
			"Role": "Jr. Manager",
			"name": "Ritesh",
			"Positon": "Trainee",
			"Nickname": "RSF"
		}
	},
	{
		"op": "replace",
		"path": "/Roles/0/Company",
		"value": "Confluxsys",
		"original_value": {
			"Role": "Jr. Manager",
			"name": "Ritesh",
			"Positon": "Trainee",
			"Nickname": "RSF"
		}
	}
]
