[
	{
		"op": "remove",
		"path": "/Company"
	},
	{
		"op": "remove",
		"path": "/Grouppp/0",
		"original_value": {
			"Group": "1",
			"b": "2"
		}
	},
	{
		"op": "add",
		"path": "/Grouppp/-",
		"value": {
			"Group": "3",
			"b": "2"
		}
	},
	{
		"op": "replace",
		"path": "/Grouppp/1/c",
		"value": null,
		"original_value": {
			"Group": "2",
			"b": "3",
			"c": 1
		}
	},
	{
		"op": "replace",
		"path": "/Groups/0/name",
		"value": "b",
		"original_value": {
			"Group": "504~QA Managers"
		}
	}
]